// Jest Snapshot v1, https://goo.gl/fbAQLP

exports[`Should render ExpensesSummary successfully with 1 expense 1`] = `
<div>
  <h4>
    Viewing 
     
    expenses
     totalling 
    $0.00
  </h4>
</div>
`;

exports[`Should render ExpenseseSummary successfully with 2 or more expenses 1`] = `
<div>
  <h4>
    Viewing 
     
    expenses
     totalling 
    $0.00
  </h4>
</div>
`;
